\BOOKMARK [0][-]{section*.2}{Fermi arcs for generic nodal points hosting monopoles or dipoles}{}% 2
\BOOKMARK [1][-]{section*.1}{Abstract}{section*.2}% 1
\BOOKMARK [1][-]{section*.3}{Contents}{section*.2}% 3
\BOOKMARK [1][-]{section*.4}{Introduction}{section*.2}% 4
\BOOKMARK [1][-]{section*.5}{Formulation of boundary conditions}{section*.2}% 5
\BOOKMARK [2][-]{section*.6}{Witten's formulation for an untilted Weyl node}{section*.5}% 6
\BOOKMARK [2][-]{section*.7}{Generic formulation applicable for any kind of nodes}{section*.5}% 7
\BOOKMARK [1][-]{section*.8}{Specific examples}{section*.2}% 8
\BOOKMARK [2][-]{section*.9}{Untilted nodes of a Weyl semimetal}{section*.8}% 9
\BOOKMARK [2][-]{section*.10}{Tilted nodes of a Weyl semimetal}{section*.8}% 10
\BOOKMARK [2][-]{section*.11}{Triple-point semimetal}{section*.8}% 11
\BOOKMARK [2][-]{section*.12}{Rarita-Schwinger-Weyl node in a chiral crystal}{section*.8}% 12
\BOOKMARK [2][-]{section*.13}{Double-Weyl semimetal}{section*.8}% 13
\BOOKMARK [2][-]{section*.14}{Triple-Weyl semimetal}{section*.8}% 14
\BOOKMARK [2][-]{section*.15}{Berry-dipole in a two-band model}{section*.8}% 15
\BOOKMARK [2][-]{section*.16}{Berry-dipole in a three-band model}{section*.8}% 16
\BOOKMARK [2][-]{section*.17}{Quadruple-Weyl node with monopole-charge 4}{section*.8}% 17
\BOOKMARK [1][-]{section*.18}{Summary, discussions, and outlook}{section*.2}% 18
\BOOKMARK [1][-]{section*.19}{Acknowledgments}{section*.2}% 19
\BOOKMARK [1][-]{section*.20}{Appendix: Derivation of the boundary conditions}{section*.2}% 20
\BOOKMARK [1][-]{section*.21}{References}{section*.2}% 21
